iperf-3.14/
iperf-3.14/.github/
iperf-3.14/.github/CONTRIBUTING.md
iperf-3.14/.github/ISSUE_TEMPLATE.md
iperf-3.14/.github/PULL_REQUEST_TEMPLATE.md
iperf-3.14/.github/workflows/
iperf-3.14/.github/workflows/test.yml
iperf-3.14/.gitignore
iperf-3.14/.travis.yml
iperf-3.14/INSTALL
iperf-3.14/LICENSE
iperf-3.14/Makefile.am
iperf-3.14/Makefile.in
iperf-3.14/README.md
iperf-3.14/RELNOTES.md
iperf-3.14/aclocal.m4
iperf-3.14/bootstrap.sh
iperf-3.14/config/
iperf-3.14/config/ax_check_openssl.m4
iperf-3.14/config/compile
iperf-3.14/config/config.guess
iperf-3.14/config/config.sub
iperf-3.14/config/depcomp
iperf-3.14/config/install-sh
iperf-3.14/config/iperf_config_static_bin.m4
iperf-3.14/config/ltmain.sh
iperf-3.14/config/missing
iperf-3.14/config/mkinstalldirs
iperf-3.14/config/test-driver
iperf-3.14/configure
iperf-3.14/configure.ac
iperf-3.14/contrib/
iperf-3.14/contrib/Dockerfile
iperf-3.14/contrib/README.txt
iperf-3.14/contrib/iperf3.gp
iperf-3.14/contrib/iperf3.service
iperf-3.14/contrib/iperf3_to_gnuplot.py
iperf-3.14/docs/
iperf-3.14/docs/2017-04-27.txt
iperf-3.14/docs/2017-06-06.txt
iperf-3.14/docs/Makefile
iperf-3.14/docs/_esnet/
iperf-3.14/docs/_esnet/LICENSE
iperf-3.14/docs/_esnet/README.rst
iperf-3.14/docs/_esnet/deploy.sh
iperf-3.14/docs/_esnet/static/
iperf-3.14/docs/_esnet/static/ESnet_Final_Logos_All_Blue_Circle_Stamp_RGB.png
iperf-3.14/docs/_esnet/static/esnet.css
iperf-3.14/docs/_esnet/static/favicon.ico
iperf-3.14/docs/_esnet/static/icon-github.png
iperf-3.14/docs/_esnet/static/logo-esnet-ball-sm.png
iperf-3.14/docs/_esnet/static/logo-esnet-ball.png
iperf-3.14/docs/_esnet/static/logo-esnet-name.png
iperf-3.14/docs/_esnet/static/logo-esnet.png
iperf-3.14/docs/_esnet/templates/
iperf-3.14/docs/_esnet/templates/layout.html
iperf-3.14/docs/_esnet/templates/navbar.html
iperf-3.14/docs/_esnet/templates/relations.html
iperf-3.14/docs/building.rst
iperf-3.14/docs/conf.py
iperf-3.14/docs/dev.rst
iperf-3.14/docs/faq.rst
iperf-3.14/docs/index.rst
iperf-3.14/docs/invoking.rst
iperf-3.14/docs/news.rst
iperf-3.14/docs/obtaining.rst
iperf-3.14/examples/
iperf-3.14/examples/Makefile.am
iperf-3.14/examples/Makefile.in
iperf-3.14/examples/mic.c
iperf-3.14/examples/mis.c
iperf-3.14/iperf3.spec.in
iperf-3.14/make_release
iperf-3.14/src/
iperf-3.14/src/Makefile.am
iperf-3.14/src/Makefile.in
iperf-3.14/src/cjson.c
iperf-3.14/src/cjson.h
iperf-3.14/src/dscp.c
iperf-3.14/src/flowlabel.h
iperf-3.14/src/iperf.h
iperf-3.14/src/iperf3.1
iperf-3.14/src/iperf_api.c
iperf-3.14/src/iperf_api.h
iperf-3.14/src/iperf_auth.c
iperf-3.14/src/iperf_auth.h
iperf-3.14/src/iperf_client_api.c
iperf-3.14/src/iperf_config.h.in
iperf-3.14/src/iperf_error.c
iperf-3.14/src/iperf_locale.c
iperf-3.14/src/iperf_locale.h
iperf-3.14/src/iperf_sctp.c
iperf-3.14/src/iperf_sctp.h
iperf-3.14/src/iperf_server_api.c
iperf-3.14/src/iperf_tcp.c
iperf-3.14/src/iperf_tcp.h
iperf-3.14/src/iperf_time.c
iperf-3.14/src/iperf_time.h
iperf-3.14/src/iperf_udp.c
iperf-3.14/src/iperf_udp.h
iperf-3.14/src/iperf_util.c
iperf-3.14/src/iperf_util.h
iperf-3.14/src/libiperf.3
iperf-3.14/src/main.c
iperf-3.14/src/net.c
iperf-3.14/src/net.h
iperf-3.14/src/portable_endian.h
iperf-3.14/src/private.pem
iperf-3.14/src/public.pem
iperf-3.14/src/queue.h
iperf-3.14/src/t_api.c
iperf-3.14/src/t_auth.c
iperf-3.14/src/t_timer.c
iperf-3.14/src/t_units.c
iperf-3.14/src/t_uuid.c
iperf-3.14/src/tcp_info.c
iperf-3.14/src/timer.c
iperf-3.14/src/timer.h
iperf-3.14/src/units.c
iperf-3.14/src/units.h
iperf-3.14/src/version.h.in
iperf-3.14/test_commands.sh
checking for a BSD-compatible install... /bin/install -c
checking whether build environment is sane... yes
checking for a race-free mkdir -p... /bin/mkdir -p
checking for gawk... gawk
checking whether make sets $(MAKE)... yes
checking whether make supports nested variables... yes
checking whether make supports nested variables... (cached) yes
checking build system type... x86_64-pc-linux-gnu
checking host system type... x86_64-pc-linux-gnu
checking how to print strings... printf
checking whether make supports the include directive... yes (GNU style)
checking for gcc... gcc
checking whether the C compiler works... yes
checking for C compiler default output file name... a.out
checking for suffix of executables... 
checking whether we are cross compiling... no
checking for suffix of object files... o
checking whether the compiler supports GNU C... yes
checking whether gcc accepts -g... yes
checking for gcc option to enable C11 features... none needed
checking whether gcc understands -c and -o together... yes
checking dependency style of gcc... gcc3
checking for a sed that does not truncate output... /bin/sed
checking for grep that handles long lines and -e... /bin/grep
checking for egrep... /bin/grep -E
checking for fgrep... /bin/grep -F
checking for ld used by gcc... /bin/ld
checking if the linker (/bin/ld) is GNU ld... yes
checking for BSD- or MS-compatible name lister (nm)... /bin/nm -B
checking the name lister (/bin/nm -B) interface... BSD nm
checking whether ln -s works... yes
checking the maximum length of command line arguments... 1572864
checking how to convert x86_64-pc-linux-gnu file names to x86_64-pc-linux-gnu format... func_convert_file_noop
checking how to convert x86_64-pc-linux-gnu file names to toolchain format... func_convert_file_noop
checking for /bin/ld option to reload object files... -r
checking for file... file
checking for objdump... objdump
checking how to recognize dependent libraries... pass_all
checking for dlltool... no
checking how to associate runtime and link libraries... printf %s\n
checking for ar... ar
checking for archiver @FILE support... @
checking for strip... strip
checking for ranlib... ranlib
checking command to parse /bin/nm -B output from gcc object... ok
checking for sysroot... no
checking for a working dd... /bin/dd
checking how to truncate binary pipes... /bin/dd bs=4096 count=1
checking for mt... no
checking if : is a manifest tool... no
checking for stdio.h... yes
checking for stdlib.h... yes
checking for string.h... yes
checking for inttypes.h... yes
checking for stdint.h... yes
checking for strings.h... yes
checking for sys/stat.h... yes
checking for sys/types.h... yes
checking for unistd.h... yes
checking for dlfcn.h... yes
checking for objdir... .libs
checking if gcc supports -fno-rtti -fno-exceptions... no
checking for gcc option to produce PIC... -fPIC -DPIC
checking if gcc PIC flag -fPIC -DPIC works... yes
checking if gcc static flag -static works... no
checking if gcc supports -c -o file.o... yes
checking if gcc supports -c -o file.o... (cached) yes
checking whether the gcc linker (/bin/ld -m elf_x86_64) supports shared libraries... yes
checking whether -lc should be explicitly linked in... no
checking dynamic linker characteristics... GNU/Linux ld.so
checking how to hardcode library paths into programs... immediate
checking whether stripping libraries is possible... yes
checking if libtool supports shared libraries... yes
checking whether to build shared libraries... yes
checking whether to build static libraries... yes
checking whether to enable maintainer-specific portions of Makefiles... no
checking for gcc... (cached) gcc
checking whether the compiler supports GNU C... (cached) yes
checking whether gcc accepts -g... (cached) yes
checking for gcc option to enable C11 features... (cached) none needed
checking whether gcc understands -c and -o together... (cached) yes
checking dependency style of gcc... (cached) gcc3
checking for ranlib... (cached) ranlib
checking whether ln -s works... yes
checking for library containing floor... -lm
checking for library containing socket... none required
checking for library containing inet_ntop... none required
checking for an ANSI C-conforming const... yes
checking for poll.h... yes
checking for linux/tcp.h... yes
checking for sys/socket.h... yes
checking for netinet/sctp.h... no
checking for endian.h... yes
checking for pkg-config... pkg-config
checking for openssl/ssl.h in /usr/local/ssl... no
checking for openssl/ssl.h in /usr/lib/ssl... no
checking for openssl/ssl.h in /usr/ssl... no
checking for openssl/ssl.h in /usr/pkg... no
checking for openssl/ssl.h in /usr/local... no
checking for openssl/ssl.h in /usr... no
checking whether compiling and linking against OpenSSL works... no
checking TCP_CONGESTION socket option... yes
checking TCP_USER_TIMEOUT socket option... yes
checking IPv6 flowlabel support... yes
checking for cpuset_setaffinity... no
checking for sched_setaffinity... yes
checking for SetProcessAffinityMask... no
checking for daemon... yes
checking for sendfile... yes
checking for getline... yes
checking SO_MAX_PACING_RATE socket option... yes
checking SO_BINDTODEVICE socket option... yes
checking IP_MTU_DISCOVER socket option... yes
checking IP_DONTFRAG socket option... no
checking IP_DONTFRAGMENT socket option... no
checking any kind of DF socket option... yes
checking for struct tcp_info.tcpi_snd_wnd... yes
checking for library containing clock_gettime... none required
checking for clock_gettime... yes
checking that generated files are newer than configure... done
configure: creating ./config.status
config.status: creating Makefile
config.status: creating src/Makefile
config.status: creating src/version.h
config.status: creating examples/Makefile
config.status: creating iperf3.spec
config.status: creating src/iperf_config.h
config.status: executing depfiles commands
config.status: executing libtool commands
Making all in src
make[1]: Entering directory '/var/lib/phoronix-test-suite/installed-tests/pts/iperf-1.2.0/iperf-3.14/src'
make  all-am
make[2]: Entering directory '/var/lib/phoronix-test-suite/installed-tests/pts/iperf-1.2.0/iperf-3.14/src'
  CC       cjson.lo
  CC       iperf_api.lo
  CC       iperf3-main.o
  CC       iperf_error.lo
  CC       iperf_auth.lo
  CC       iperf_client_api.lo
  CC       iperf_locale.lo
  CC       iperf_server_api.lo
  CC       iperf_tcp.lo
  CC       iperf_udp.lo
  CC       iperf_sctp.lo
  CC       iperf_util.lo
  CC       iperf_time.lo
  CC       dscp.lo
  CC       net.lo
  CC       tcp_info.lo
  CC       timer.lo
  CC       units.lo
  CC       t_timer-t_timer.o
  CC       t_units-t_units.o
  CC       t_uuid-t_uuid.o
  CC       t_api-t_api.o
  CC       t_auth-t_auth.o
  CCLD     libiperf.la
  CCLD     iperf3
  CCLD     t_timer
  CCLD     t_units
  CCLD     t_uuid
  CCLD     t_api
  CCLD     t_auth
make[2]: Leaving directory '/var/lib/phoronix-test-suite/installed-tests/pts/iperf-1.2.0/iperf-3.14/src'
make[1]: Leaving directory '/var/lib/phoronix-test-suite/installed-tests/pts/iperf-1.2.0/iperf-3.14/src'
Making all in examples
make[1]: Entering directory '/var/lib/phoronix-test-suite/installed-tests/pts/iperf-1.2.0/iperf-3.14/examples'
  CC       mic-mic.o
  CC       mis-mis.o
  CCLD     mis
  CCLD     mic
make[1]: Leaving directory '/var/lib/phoronix-test-suite/installed-tests/pts/iperf-1.2.0/iperf-3.14/examples'
make[1]: Entering directory '/var/lib/phoronix-test-suite/installed-tests/pts/iperf-1.2.0/iperf-3.14'
make[1]: Nothing to be done for 'all-am'.
make[1]: Leaving directory '/var/lib/phoronix-test-suite/installed-tests/pts/iperf-1.2.0/iperf-3.14'
Making install in src
make[1]: Entering directory '/var/lib/phoronix-test-suite/installed-tests/pts/iperf-1.2.0/iperf-3.14/src'
make[2]: Entering directory '/var/lib/phoronix-test-suite/installed-tests/pts/iperf-1.2.0/iperf-3.14/src'
 /bin/mkdir -p '/var/lib/phoronix-test-suite/installed-tests/pts/iperf-1.2.0//iperf-install/lib'
 /bin/sh ../libtool   --mode=install /bin/install -c   libiperf.la '/var/lib/phoronix-test-suite/installed-tests/pts/iperf-1.2.0//iperf-install/lib'
libtool: install: /bin/install -c .libs/libiperf.so.0.0.0 /var/lib/phoronix-test-suite/installed-tests/pts/iperf-1.2.0//iperf-install/lib/libiperf.so.0.0.0
libtool: install: (cd /var/lib/phoronix-test-suite/installed-tests/pts/iperf-1.2.0//iperf-install/lib && { ln -s -f libiperf.so.0.0.0 libiperf.so.0 || { rm -f libiperf.so.0 && ln -s libiperf.so.0.0.0 libiperf.so.0; }; })
libtool: install: (cd /var/lib/phoronix-test-suite/installed-tests/pts/iperf-1.2.0//iperf-install/lib && { ln -s -f libiperf.so.0.0.0 libiperf.so || { rm -f libiperf.so && ln -s libiperf.so.0.0.0 libiperf.so; }; })
libtool: install: /bin/install -c .libs/libiperf.lai /var/lib/phoronix-test-suite/installed-tests/pts/iperf-1.2.0//iperf-install/lib/libiperf.la
libtool: install: /bin/install -c .libs/libiperf.a /var/lib/phoronix-test-suite/installed-tests/pts/iperf-1.2.0//iperf-install/lib/libiperf.a
libtool: install: chmod 644 /var/lib/phoronix-test-suite/installed-tests/pts/iperf-1.2.0//iperf-install/lib/libiperf.a
libtool: install: ranlib /var/lib/phoronix-test-suite/installed-tests/pts/iperf-1.2.0//iperf-install/lib/libiperf.a
libtool: finish: PATH="/tmp/pts-compiler-mask-iperf1.2.0/:/sbin:/bin:/usr/sbin:/usr/bin:/sbin" ldconfig -n /var/lib/phoronix-test-suite/installed-tests/pts/iperf-1.2.0//iperf-install/lib
----------------------------------------------------------------------
Libraries have been installed in:
   /var/lib/phoronix-test-suite/installed-tests/pts/iperf-1.2.0//iperf-install/lib

If you ever happen to want to link against installed libraries
in a given directory, LIBDIR, you must either use libtool, and
specify the full pathname of the library, or use the '-LLIBDIR'
flag during linking and do at least one of the following:
   - add LIBDIR to the 'LD_LIBRARY_PATH' environment variable
     during execution
   - add LIBDIR to the 'LD_RUN_PATH' environment variable
     during linking
   - use the '-Wl,-rpath -Wl,LIBDIR' linker flag
   - have your system administrator add LIBDIR to '/etc/ld.so.conf'

See any operating system documentation about shared libraries for
more information, such as the ld(1) and ld.so(8) manual pages.
----------------------------------------------------------------------
 /bin/mkdir -p '/var/lib/phoronix-test-suite/installed-tests/pts/iperf-1.2.0//iperf-install/bin'
  /bin/sh ../libtool   --mode=install /bin/install -c iperf3 '/var/lib/phoronix-test-suite/installed-tests/pts/iperf-1.2.0//iperf-install/bin'
libtool: install: /bin/install -c .libs/iperf3 /var/lib/phoronix-test-suite/installed-tests/pts/iperf-1.2.0//iperf-install/bin/iperf3
 /bin/mkdir -p '/var/lib/phoronix-test-suite/installed-tests/pts/iperf-1.2.0//iperf-install/include'
 /bin/install -c -m 644 iperf_api.h '/var/lib/phoronix-test-suite/installed-tests/pts/iperf-1.2.0//iperf-install/include'
 /bin/mkdir -p '/var/lib/phoronix-test-suite/installed-tests/pts/iperf-1.2.0//iperf-install/share/man/man1'
 /bin/install -c -m 644 iperf3.1 '/var/lib/phoronix-test-suite/installed-tests/pts/iperf-1.2.0//iperf-install/share/man/man1'
 /bin/mkdir -p '/var/lib/phoronix-test-suite/installed-tests/pts/iperf-1.2.0//iperf-install/share/man/man3'
 /bin/install -c -m 644 libiperf.3 '/var/lib/phoronix-test-suite/installed-tests/pts/iperf-1.2.0//iperf-install/share/man/man3'
make[2]: Leaving directory '/var/lib/phoronix-test-suite/installed-tests/pts/iperf-1.2.0/iperf-3.14/src'
make[1]: Leaving directory '/var/lib/phoronix-test-suite/installed-tests/pts/iperf-1.2.0/iperf-3.14/src'
Making install in examples
make[1]: Entering directory '/var/lib/phoronix-test-suite/installed-tests/pts/iperf-1.2.0/iperf-3.14/examples'
make[2]: Entering directory '/var/lib/phoronix-test-suite/installed-tests/pts/iperf-1.2.0/iperf-3.14/examples'
make[2]: Nothing to be done for 'install-exec-am'.
make[2]: Nothing to be done for 'install-data-am'.
make[2]: Leaving directory '/var/lib/phoronix-test-suite/installed-tests/pts/iperf-1.2.0/iperf-3.14/examples'
make[1]: Leaving directory '/var/lib/phoronix-test-suite/installed-tests/pts/iperf-1.2.0/iperf-3.14/examples'
make[1]: Entering directory '/var/lib/phoronix-test-suite/installed-tests/pts/iperf-1.2.0/iperf-3.14'
make[2]: Entering directory '/var/lib/phoronix-test-suite/installed-tests/pts/iperf-1.2.0/iperf-3.14'
make[2]: Nothing to be done for 'install-exec-am'.
make[2]: Nothing to be done for 'install-data-am'.
make[2]: Leaving directory '/var/lib/phoronix-test-suite/installed-tests/pts/iperf-1.2.0/iperf-3.14'
make[1]: Leaving directory '/var/lib/phoronix-test-suite/installed-tests/pts/iperf-1.2.0/iperf-3.14'
